DEPRECATED: The legacy builder is deprecated and will be removed in a future release.
            Install the buildx component to build images with BuildKit:
            https://docs.docker.com/go/buildx/

Sending build context to Docker daemon    199MB
Step 1/17 : FROM rocker/r-ver:3.4.4 AS deps
 ---> 2f4e4bce859e
Step 2/17 : RUN sed -i 's|http://deb.debian.org/debian|http://archive.debian.org/debian|g' /etc/apt/sources.list &&     sed -i 's|http://security.debian.org/debian-security|http://archive.debian.org/debian-security|g' /etc/apt/sources.list &&     sed -i '/stretch-updates/d' /etc/apt/sources.list &&     echo 'deb http://archive.debian.org/debian stretch-backports main' >> /etc/apt/sources.list
 ---> Using cache
 ---> 752709060fa2
Step 3/17 : RUN echo 'Acquire::Check-Valid-Until "false";' > /etc/apt/apt.conf.d/99no-valid-until
 ---> Using cache
 ---> f29f449eb66f
Step 4/17 : RUN apt-get update && apt-get install -y --no-install-recommends     build-essential     gfortran     wget     libcurl4-openssl-dev     libssl-dev     libxml2-dev     libfontconfig1-dev     libharfbuzz-dev     libfribidi-dev     libfreetype6-dev     libpng-dev     libtiff5-dev     libjpeg-dev     libmagick++-dev     libfftw3-dev     libpoppler-cpp-dev     && rm -rf /var/lib/apt/lists/*
 ---> Using cache
 ---> dfcd675505c5
Step 5/17 : RUN ARCH='http://archive.debian.org/debian/pool/main' &&     G7="$ARCH/g/gcc-7" && G8="$ARCH/g/gcc-8" && ISL="$ARCH/i/isl" && MPFR="$ARCH/m/mpfr4" &&     MPC="$ARCH/m/mpclib3" && BIN_STRETCH="$ARCH/b/binutils" &&     cd /tmp &&     wget -q       "$MPC/libmpc3_1.1.0-1_amd64.deb"       "$ISL/libisl19_0.20-2_amd64.deb"       "$MPFR/libmpfr6_4.0.2-1_amd64.deb"       "$G8/gcc-8-base_8.3.0-6_amd64.deb"       "$G8/libgcc1_8.3.0-6_amd64.deb"       "$G8/libgomp1_8.3.0-6_amd64.deb"       "$G8/libitm1_8.3.0-6_amd64.deb"       "$G8/libatomic1_8.3.0-6_amd64.deb"       "$G8/libstdc++6_8.3.0-6_amd64.deb"       "$G8/libcc1-0_8.3.0-6_amd64.deb"       "$G8/liblsan0_8.3.0-6_amd64.deb"       "$G8/libmpx2_8.3.0-6_amd64.deb"       "$G8/libquadmath0_8.3.0-6_amd64.deb"       "$G8/libtsan0_8.3.0-6_amd64.deb"       "$G7/libasan4_7.4.0-6_amd64.deb"       "$G7/libcilkrts5_7.4.0-6_amd64.deb"       "$G7/libubsan0_7.4.0-6_amd64.deb"       "$G7/gcc-7-base_7.4.0-6_amd64.deb"       "$G7/cpp-7_7.4.0-6_amd64.deb"       "$G7/libgcc-7-dev_7.4.0-6_amd64.deb"       "$G7/gcc-7_7.4.0-6_amd64.deb"       "$G7/libstdc++-7-dev_7.4.0-6_amd64.deb"       "$G7/g++-7_7.4.0-6_amd64.deb" &&     wget -q       "$BIN_STRETCH/binutils_2.28-5_amd64.deb" &&     dpkg --force-depends -r binutils || true &&     dpkg -i --force-depends libmpc3_1.1.0-1_amd64.deb             libisl19_0.20-2_amd64.deb libmpfr6_4.0.2-1_amd64.deb             gcc-8-base_8.3.0-6_amd64.deb             libgcc1_8.3.0-6_amd64.deb libgomp1_8.3.0-6_amd64.deb             libitm1_8.3.0-6_amd64.deb libatomic1_8.3.0-6_amd64.deb             libstdc++6_8.3.0-6_amd64.deb libcc1-0_8.3.0-6_amd64.deb             liblsan0_8.3.0-6_amd64.deb libmpx2_8.3.0-6_amd64.deb             libquadmath0_8.3.0-6_amd64.deb libtsan0_8.3.0-6_amd64.deb             libasan4_7.4.0-6_amd64.deb libcilkrts5_7.4.0-6_amd64.deb             libubsan0_7.4.0-6_amd64.deb             gcc-7-base_7.4.0-6_amd64.deb cpp-7_7.4.0-6_amd64.deb             libgcc-7-dev_7.4.0-6_amd64.deb gcc-7_7.4.0-6_amd64.deb             libstdc++-7-dev_7.4.0-6_amd64.deb g++-7_7.4.0-6_amd64.deb || true &&     ( dpkg --configure -a --force-depends || true ) &&     dpkg -i --force-depends binutils_2.28-5_amd64.deb &&     rm -f /tmp/*.deb &&     g++-7 --version
 ---> Using cache
 ---> 83a7b8b81268
Step 6/17 : RUN echo 'CXX17 = g++-7 -std=c++17 -fPIC' >> /usr/local/lib/R/etc/Makeconf
 ---> Using cache
 ---> 27d69873821a
Step 7/17 : RUN R -e "install.packages('remotes', repos = 'https://cloud.r-project.org/')" &&     R -e "remotes::install_version('Rcpp',         version = '1.0.3',      repos = 'https://cloud.r-project.org/')" &&     R -e "remotes::install_version('R6',           version = '2.4.1',      repos = 'https://cloud.r-project.org/')" &&     R -e "remotes::install_version('rlang',        version = '0.4.4',      repos = 'https://cloud.r-project.org/')" &&     R -e "remotes::install_version('glue',         version = '1.3.1',      repos = 'https://cloud.r-project.org/')" &&     R -e "remotes::install_version('vctrs',        version = '0.2.2',      repos = 'https://cloud.r-project.org/')" &&     R -e "remotes::install_version('later',        version = '1.0.0',      repos = 'https://cloud.r-project.org/')" &&     R -e "remotes::install_version('promises',     version = '1.1.0',      repos = 'https://cloud.r-project.org/')" &&     R -e "remotes::install_version('curl',         version = '4.3',        repos = 'https://cloud.r-project.org/', upgrade = 'never')" &&     R -e "remotes::install_version('xml2',         version = '1.2.2',      repos = 'https://cloud.r-project.org/')" &&     R -e "remotes::install_version('irlba',        version = '2.3.3',      repos = 'https://cloud.r-project.org/')" &&     R -e "remotes::install_version('pillar',       version = '1.4.3',      repos = 'https://cloud.r-project.org/', upgrade = 'never')" &&     R -e "remotes::install_version('tibble',       version = '2.1.3',      repos = 'https://cloud.r-project.org/', upgrade = 'never')" &&     R -e "remotes::install_version('purrr',        version = '0.3.3',      repos = 'https://cloud.r-project.org/', upgrade = 'never')" &&     R -e "remotes::install_version('igraph',       version = '1.2.4.2',    repos = 'https://cloud.r-project.org/')" &&     R -e "remotes::install_version('slam',         version = '0.1-47',     repos = 'https://cloud.r-project.org/')" &&     R -e "remotes::install_version('BH',           version = '1.72.0-3',   repos = 'https://cloud.r-project.org/')" &&     R -e "remotes::install_version('stringr',      version = '1.4.0',      repos = 'https://cloud.r-project.org/')" &&     R -e "remotes::install_version('rjson',        version = '0.2.20',     repos = 'https://cloud.r-project.org/')" &&     R -e "remotes::install_version('NLP',          version = '0.2-0',      repos = 'https://cloud.r-project.org/')" &&     R -e "remotes::install_version('hms',          version = '0.5.3',      repos = 'https://cloud.r-project.org/')" &&     R -e "remotes::install_version('httr',         version = '1.4.1',      repos = 'https://cloud.r-project.org/')" &&     R -e "remotes::install_version('clipr',        version = '0.7.0',      repos = 'https://cloud.r-project.org/')"
 ---> Using cache
 ---> 64a03d0097aa
Step 8/17 : RUN R -e "remotes::install_version('progress',    version = '1.2.2',      repos = 'https://cloud.r-project.org/')" &&     R -e "remotes::install_version('cellranger',  version = '1.1.0',      repos = 'https://cloud.r-project.org/')" &&     R -e "remotes::install_version('RCurl',       version = '1.98-1.1',   repos = 'https://cloud.r-project.org/')" &&     R -e "remotes::install_version('data.table',  version = '1.12.8',     repos = 'https://cloud.r-project.org/')" &&     R -e "remotes::install_version('bitops',      version = '1.0-6',      repos = 'https://cloud.r-project.org/')" &&     R -e "install.packages('base64enc',           repos = 'https://cloud.r-project.org/')" &&     R -e "remotes::install_version('digest',      version = '0.6.24',     repos = 'https://cloud.r-project.org/')" &&     R -e "remotes::install_version('stringi',     version = '1.4.6',      repos = 'https://cloud.r-project.org/')"
 ---> Using cache
 ---> c3a81bc0e6e8
Step 9/17 : RUN R -e "remotes::install_version('pillar',       version = '1.4.3',      repos = 'https://cloud.r-project.org/', upgrade = 'never')" &&     R -e "remotes::install_version('tibble',       version = '2.1.3',      repos = 'https://cloud.r-project.org/', upgrade = 'never')" &&     R -e "remotes::install_version('readr',        version = '1.3.1',      repos = 'https://cloud.r-project.org/', upgrade = 'never')" &&     R -e "remotes::install_version('readODS',      version = '1.6.7',      repos = 'https://cloud.r-project.org/', upgrade = 'never')" &&     R -e "remotes::install_version('pdftools',     version = '2.3',        repos = 'https://cloud.r-project.org/', upgrade = 'never')" &&     R -e "remotes::install_version('streamR',      version = '0.4.5',      repos = 'https://cloud.r-project.org/', upgrade = 'never')" &&     R -e "remotes::install_version('readxl',       version = '1.3.1',      repos = 'https://cloud.r-project.org/', upgrade = 'never'); remotes::install_version('readtext', version = '0.75', repos = 'https://cloud.r-project.org/', upgrade = 'never')" &&     R -e "remotes::install_version('httpuv',       version = '1.5.2',      repos = 'https://cloud.r-project.org/')" &&     R -e "remotes::install_version('htmltools',    version = '0.4.0',      repos = 'https://cloud.r-project.org/')" &&     R -e "remotes::install_version('shiny',        version = '1.4.0',      repos = 'https://cloud.r-project.org/', upgrade = 'never')" &&     R -e "remotes::install_version('xgboost',      version = '0.90.0.2',   repos = 'https://cloud.r-project.org/', upgrade = 'never')" &&     R -e "remotes::install_version('mlapi',        version = '0.1.0',      repos = 'https://cloud.r-project.org/', upgrade = 'never')" &&     R -e "remotes::install_version('text2vec',     version = '0.5.1',      repos = 'https://cloud.r-project.org/', upgrade = 'never')" &&     R -e "remotes::install_version('tm',           version = '0.7-7',      repos = 'https://cloud.r-project.org/', upgrade = 'never')" &&     R -e "remotes::install_version('SnowballC',    version = '0.6.0',      repos = 'https://cloud.r-project.org/', upgrade = 'never')" &&     R -e "remotes::install_version('imager',       version = '0.42.1',     repos = 'https://cloud.r-project.org/', upgrade = 'never')"
 ---> Using cache
 ---> 4b8756d5fd8f
Step 10/17 : RUN R -e "remotes::install_version('SparseM',      version = '1.78',       repos = 'https://cloud.r-project.org/')" &&     R -e "remotes::install_version('randomForest', version = '4.6-14',     repos = 'https://cloud.r-project.org/')" &&     R -e "remotes::install_version('tree',         version = '1.0-39',     repos = 'https://cloud.r-project.org/')" &&     R -e "remotes::install_version('prodlim',      version = '2019.11.13', repos = 'https://cloud.r-project.org/')" &&     R -e "remotes::install_version('ipred',        version = '0.9-9',      repos = 'https://cloud.r-project.org/')" &&     R -e "remotes::install_version('caTools',      version = '1.17.1.4',   repos = 'https://cloud.r-project.org/')" &&     R -e "remotes::install_version('maxent',       version = '1.3.3.1',    repos = 'https://cloud.r-project.org/', upgrade = 'never')" &&     R -e "remotes::install_version('glmnet',       version = '2.0-18',     repos = 'https://cloud.r-project.org/')" &&     R -e "remotes::install_version('e1071',        version = '1.7-3',      repos = 'https://cloud.r-project.org/')" &&     R -e "remotes::install_version('tau',          version = '0.0-21',     repos = 'https://cloud.r-project.org/')"
 ---> Using cache
 ---> d31667b2143d
Step 11/17 : FROM deps
 ---> d31667b2143d
Step 12/17 : WORKDIR /app
 ---> Using cache
 ---> cfc1cb2d4cd4
Step 13/17 : COPY . /app
 ---> 3db2a4d14c77
Step 14/17 : RUN R -e "remotes::install_version('lava', version = '1.6.6', repos = 'https://cloud.r-project.org/', upgrade = 'never')" &&     R -e "remotes::install_version('prodlim', version = '1.6.1', repos = 'https://cloud.r-project.org/', upgrade = 'never')" &&     R -e "remotes::install_version('ipred', version = '0.9-9', repos = 'https://cloud.r-project.org/', upgrade = 'never')" &&     R CMD INSTALL /app/R-packages.n0b4/RTextTools-modificado/RTextTools &&     R CMD INSTALL /app/R-packages.n0b4/FakeNewsDetector &&     rm -rf /app/R-packages.n0b4
 ---> Running in ce752cb5dc11

R version 3.4.4 (2018-03-15) -- "Someone to Lean On"
Copyright (C) 2018 The R Foundation for Statistical Computing
Platform: x86_64-pc-linux-gnu (64-bit)

R is free software and comes with ABSOLUTELY NO WARRANTY.
You are welcome to redistribute it under certain conditions.
Type 'license()' or 'licence()' for distribution details.

R is a collaborative project with many contributors.
Type 'contributors()' for more information and
'citation()' on how to cite R or R packages in publications.

Type 'demo()' for some demos, 'help()' for on-line help, or
'help.start()' for an HTML browser interface to help.
Type 'q()' to quit R.

> remotes::install_version('lava', version = '1.6.6', repos = 'https://cloud.r-project.org/', upgrade = 'never')
[91mDownloading package from url: https://cloud.r-project.org//src/contrib/Archive/lava/lava_1.6.6.tar.gz
[0m[91mInstalling package into ‘/usr/local/lib/R/site-library’
(as ‘lib’ is unspecified)
[0m[91mERROR: dependency ‘SQUAREM’ is not available for package ‘lava’
[0m[91m* removing ‘/usr/local/lib/R/site-library/lava’
[0m[91mWarning message:
In i.p(...) :
  installation of package ‘/tmp/Rtmpz0fZNu/remotes831410c2e/lava’ had non-zero exit status
[0m> 
> 

R version 3.4.4 (2018-03-15) -- "Someone to Lean On"
Copyright (C) 2018 The R Foundation for Statistical Computing
Platform: x86_64-pc-linux-gnu (64-bit)

R is free software and comes with ABSOLUTELY NO WARRANTY.
You are welcome to redistribute it under certain conditions.
Type 'license()' or 'licence()' for distribution details.

R is a collaborative project with many contributors.
Type 'contributors()' for more information and
'citation()' on how to cite R or R packages in publications.

Type 'demo()' for some demos, 'help()' for on-line help, or
'help.start()' for an HTML browser interface to help.
Type 'q()' to quit R.

> remotes::install_version('prodlim', version = '1.6.1', repos = 'https://cloud.r-project.org/', upgrade = 'never')
[91mDownloading package from url: https://cloud.r-project.org//src/contrib/Archive/prodlim/prodlim_1.6.1.tar.gz
[0m[91mInstalling 1 packages: lava
[0m[91mInstalling package into ‘/usr/local/lib/R/site-library’
(as ‘lib’ is unspecified)
[0m[91mWarning: dependencies ‘progressr’, ‘SQUAREM’ are not available
[0m[91mtrying URL 'https://cloud.r-project.org/src/contrib/lava_1.8.2.tar.gz'
[0m[91mContent type 'application/x-gzip' length 1199884 bytes (1.1 MB)
[0m[91m=[0m[91m=[0m[91m=[0m[91m=[0m[91m==[0m[91m=[0m[91m=[0m[91m=[0m[91m=[0m[91m=[0m[91m==[0m[91m=[0m[91m=[0m[91m=[0m[91m=[0m[91m=[0m[91m=[0m[91m==[0m[91m=[0m[91m=[0m[91m=[0m[91m=[0m[91m==[0m[91m=[0m[91m=[0m[91m==[0m[91m=[0m[91m=[0m[91m==[0m[91m=[0m[91m=[0m[91m=====[0m[91m=[0m[91m=[0m[91m=[0m[91m=[0m[91m=[0m[91m=[0m[91m==
downloaded 1.1 MB

[0m[91mERROR: dependencies ‘progressr’, ‘SQUAREM’ are not available for package ‘lava’
[0m[91m* removing ‘/usr/local/lib/R/site-library/lava’
[0m[91m
The downloaded source packages are in
	‘/tmp/Rtmp06FOpf/downloaded_packages’
[0m[91mInstalling package into ‘/usr/local/lib/R/site-library’
(as ‘lib’ is unspecified)
[0m[91mERROR: dependency ‘lava’ is not available for package ‘prodlim’
* removing ‘/usr/local/lib/R/site-library/prodlim’
[0m[91mWarning messages:
1: In i.p(...) : installation of package ‘lava’ had non-zero exit status
2: In i.p(...) :
  installation of package ‘/tmp/Rtmp06FOpf/remotes2e555fb02a/prodlim’ had non-zero exit status
[0m> 
> 

R version 3.4.4 (2018-03-15) -- "Someone to Lean On"
Copyright (C) 2018 The R Foundation for Statistical Computing
Platform: x86_64-pc-linux-gnu (64-bit)

R is free software and comes with ABSOLUTELY NO WARRANTY.
You are welcome to redistribute it under certain conditions.
Type 'license()' or 'licence()' for distribution details.

R is a collaborative project with many contributors.
Type 'contributors()' for more information and
'citation()' on how to cite R or R packages in publications.

Type 'demo()' for some demos, 'help()' for on-line help, or
'help.start()' for an HTML browser interface to help.
Type 'q()' to quit R.

> remotes::install_version('ipred', version = '0.9-9', repos = 'https://cloud.r-project.org/', upgrade = 'never')
[91mDownloading package from url: https://cloud.r-project.org//src/contrib/Archive/ipred/ipred_0.9-9.tar.gz
[0m[91mInstalling package into ‘/usr/local/lib/R/site-library’
(as ‘lib’ is unspecified)
[0m[91mERROR: dependency ‘prodlim’ is not available for package ‘ipred’
* removing ‘/usr/local/lib/R/site-library/ipred’
[0m[91mWarning message:
In i.p(...) :
  installation of package ‘/tmp/RtmpJFmXOu/remotes761fd7088/ipred’ had non-zero exit status
[0m> 
> 
[91m* installing to library ‘/usr/local/lib/R/site-library’
[0m[91mERROR: dependency ‘ipred’ is not available for package ‘RTextTools’
* removing ‘/usr/local/lib/R/site-library/RTextTools’
[0mThe command '/bin/sh -c R -e "remotes::install_version('lava', version = '1.6.6', repos = 'https://cloud.r-project.org/', upgrade = 'never')" &&     R -e "remotes::install_version('prodlim', version = '1.6.1', repos = 'https://cloud.r-project.org/', upgrade = 'never')" &&     R -e "remotes::install_version('ipred', version = '0.9-9', repos = 'https://cloud.r-project.org/', upgrade = 'never')" &&     R CMD INSTALL /app/R-packages.n0b4/RTextTools-modificado/RTextTools &&     R CMD INSTALL /app/R-packages.n0b4/FakeNewsDetector &&     rm -rf /app/R-packages.n0b4' returned a non-zero code: 1
